// Jest Snapshot v1, https://goo.gl/fbAQLP

exports[`Test on Component <Register /> this test should mack a snapshot correctly 1`] = `
<section
  className="row p-0 m-0"
  style={
    Object {
      "height": "100vh",
      "width": "100%",
    }
  }
>
  <article
    className="col-md-6 d-flex flex-column justify-content-center align-items-center"
  >
    <div
      className="border rounded-circle overflow-hidden shadow-sm p-3"
    >
      <img
        alt="register"
        className="img-fluid"
        src="register.svg"
        style={
          Object {
            "height": "250px",
            "width": "250px",
          }
        }
      />
    </div>
    <div
      className="text-center p-2 mt-3"
    >
      <p
        className="fs-5 fw-bold"
      >
         !Bienvenido a Calendar! 
      </p>
      <small
        className="fw-normal fs-6"
      >
         Registrate para crear tu agenda web. 
      </small>
      <hr />
      <span
        className="m-0"
      >
        ¿Tienes cuenta? Haz click en 
        <a
          className="text-decoration-none"
          href="/login"
          onClick={[Function]}
        >
          Inicia sesión
        </a>
      </span>
    </div>
  </article>
  <article
    className="col-md-6 bg-primary d-flex flex-column justify-content-center align-items-center"
  >
    <h1
      className="text-white fs-3 p-4"
    >
       Registrarte 
    </h1>
    <form
      className="form-control my-5 form_container bg-white border-0 rounded p-3"
      onSubmit={[Function]}
    >
      <div
        className="mb-3 d-flex flex-column"
      >
        <label
          className="fw-normal form-label"
          htmlFor="name"
        >
          Nombre
        </label>
        <input
          className="border-0 border-bottom form_container__field"
          id="name"
          name="name"
          onChange={[Function]}
          placeholder="Ingrese su nombre..."
          type="text"
          value=""
        />
      </div>
      <div
        className="mb-3 d-flex flex-column"
      >
        <label
          className="fw-normal form-label"
          htmlFor="email"
        >
          Correo electronico:
        </label>
        <input
          className="border-0 border-bottom form_container__field"
          id="email"
          name="email"
          onChange={[Function]}
          placeholder="Ingrese su email..."
          type="email"
          value=""
        />
      </div>
      <div
        className="mb-3 d-flex flex-column"
      >
        <label
          className="fw-normal form-label"
          htmlFor="password"
        >
          Contraseña:
        </label>
        <input
          className="border-0 border-bottom form_container__field"
          id="password"
          name="password"
          onChange={[Function]}
          placeholder="Ingrese su contraseña..."
          type="password"
          value=""
        />
      </div>
      <div
        className="mb-3 d-flex flex-column"
      >
        <label
          className="fw-normal form-label"
          htmlFor="passwordConfirm"
        >
          Repetir contraseña:
        </label>
        <input
          className="border-0 border-bottom form_container__field"
          id="passwordConfirm"
          name="passwordConfirm"
          onChange={[Function]}
          placeholder="Repita su contraseña..."
          type="password"
          value=""
        />
      </div>
      <button
        className="btn btn-primary rounded p-2 form_container__button form_container__button-disabled"
        disabled={true}
        type="submit"
      >
        Registrarme
      </button>
    </form>
  </article>
</section>
`;
