// Jest Snapshot v1, https://goo.gl/fbAQLP

exports[`Test on <AddNewFab /> this test should make a to match snapshot with <AddNewFab /> 1`] = `
<button
  className="btn btn-primary shadow rounded-circle button_icon"
  onClick={[Function]}
>
  <i
    className="fa-solid fa-plus"
  />
</button>
`;
