// Jest Snapshot v1, https://goo.gl/fbAQLP

exports[`Test on <DeleteEventFab /> this test should make snapshot correctly 1`] = `
<button
  className="btn btn-danger rounded-circle shadow button_icon__delete"
  onClick={[Function]}
>
  <i
    className="fa-solid fa-trash-can"
  />
</button>
`;
